
Map of Debug\aes.sm8 from link file Debug\aes.lkf - Wed Jun 16 18:33:03 2010


                               --------
                               Segments
                               --------

start 00008080 end 000089ad length  2349 segment .const
start 000089b7 end 0000b210 length 10329 segment .text
start 00004000 end 00004000 length     0 segment .eeprom
start 00000000 end 00000002 length     2 segment .bsct, initialized
start 000089b5 end 000089b7 length     2 segment .bsct, from
start 00000002 end 00000010 length    14 segment .ubsct
start 00000010 end 00000010 length     0 segment .bit
start 00000010 end 00000010 length     0 segment .share
start 00000100 end 00000100 length     0 segment .data
start 00000100 end 00000100 length     0 segment .bss
start 00000000 end 000009d7 length  2519 segment .info.
start 00000000 end 00007e82 length 32386 segment .debug
start 00008000 end 00008080 length   128 segment .const
start 000089ad end 000089b5 length     8 segment .init


                               -------
                               Modules
                               -------

C:\Program Files\COSMIC\CXSTM8_16K\Lib\crtsi0.sm8:
start 000089b7 end 00008a02 length    75 section .text
start 00000100 end 00000100 length     0 section .bss
start 00000002 end 00000002 length     0 section .ubsct
start 00000000 end 0000002f length    47 section .info.

Debug\stm8s_clk.o:
start 00008a02 end 00008d79 length   887 section .text
start 00000000 end 000017f5 length  6133 section .debug
start 0000002f end 000000ae length   127 section .info.
start 00008080 end 0000808c length    12 section .const

Debug\stm8s_tim1.o:
start 00008d79 end 0000964e length  2261 section .text
start 000017f5 end 00005740 length 16203 section .debug
start 000000ae end 0000012e length   128 section .info.

Debug\stm8s_uart2.o:
start 0000964e end 00009aab length  1117 section .text
start 00005740 end 00006d27 length  5607 section .debug
start 0000012e end 000001af length   129 section .info.
start 0000808c end 00008090 length     4 section .const

Debug\aes-core.o:
start 00009aab end 0000a51a length  2671 section .text
start 00006d27 end 00007624 length  2301 section .debug
start 000001af end 0000022d length   126 section .info.
start 00008090 end 0000889b length  2059 section .const

Debug\aes.o:
start 0000a51a end 0000a621 length   263 section .text
start 00007624 end 00007943 length   799 section .debug
start 0000022d end 000002a6 length   121 section .info.

Debug\main.o:
start 0000a621 end 0000a903 length   738 section .text
start 00000002 end 00000006 length     4 section .ubsct
start 00007943 end 00007c2e length   747 section .debug
start 000002a6 end 00000320 length   122 section .info.
start 0000889b end 0000894f length   180 section .const

Debug\stm8s_it.o:
start 0000a903 end 0000a928 length    37 section .text
start 00000000 end 00000002 length     2 section .bsct
start 00007c2e end 00007d17 length   233 section .debug
start 00000320 end 0000039e length   126 section .info.

(C:\Program Files\COSMIC\CXSTM8_16K\Lib\libis0.sm8)printf.o:
start 0000a928 end 0000a938 length    16 section .text
start 0000039e end 00000412 length   116 section .info.

(C:\Program Files\COSMIC\CXSTM8_16K\Lib\libis0.sm8)cprint.o:
start 0000a938 end 0000ae65 length  1325 section .text
start 00000412 end 00000486 length   116 section .info.
start 0000894f end 00008988 length    57 section .const

(C:\Program Files\COSMIC\CXSTM8_16K\Lib\libis0.sm8)itob.o:
start 0000ae65 end 0000af75 length   272 section .text
start 00000486 end 000004f8 length   114 section .info.
start 00008988 end 000089ad length    37 section .const

(C:\Program Files\COSMIC\CXSTM8_16K\Lib\libis0.sm8)idiv0.o:
start 0000af75 end 0000af80 length    11 section .text
start 000004f8 end 00000524 length    44 section .info.

(C:\Program Files\COSMIC\CXSTM8_16K\Lib\libis0.sm8)ildiv0.o:
start 0000af80 end 0000af9b length    27 section .text
start 00000524 end 00000551 length    45 section .info.

(C:\Program Files\COSMIC\CXSTM8_16K\Lib\libis0.sm8)strlen0.o:
start 0000af9b end 0000afa7 length    12 section .text
start 00000551 end 0000057f length    46 section .info.

(C:\Program Files\COSMIC\CXSTM8_16K\Lib\libis0.sm8)toup0.o:
start 0000afa7 end 0000afb2 length    11 section .text
start 0000057f end 000005ab length    44 section .info.

(C:\Program Files\COSMIC\CXSTM8_16K\Lib\libm0.sm8)ldiv.o:
start 0000afb2 end 0000b09d length   235 section .text
start 000005ab end 000005d9 length    46 section .info.

(C:\Program Files\COSMIC\CXSTM8_16K\Lib\libm0.sm8)imul.o:
start 0000b09d end 0000b0be length    33 section .text
start 000005d9 end 00000607 length    46 section .info.

(C:\Program Files\COSMIC\CXSTM8_16K\Lib\libm0.sm8)ladd.o:
start 0000b0be end 0000b0d6 length    24 section .text
start 00000607 end 00000635 length    46 section .info.

(C:\Program Files\COSMIC\CXSTM8_16K\Lib\libm0.sm8)lgneg.o:
start 0000b0d6 end 0000b0e9 length    19 section .text
start 00000635 end 00000664 length    47 section .info.

(C:\Program Files\COSMIC\CXSTM8_16K\Lib\libm0.sm8)llsh.o:
start 0000b0e9 end 0000b0f8 length    15 section .text
start 00000664 end 00000692 length    46 section .info.

(C:\Program Files\COSMIC\CXSTM8_16K\Lib\libm0.sm8)lneg.o:
start 0000b0f8 end 0000b10d length    21 section .text
start 00000692 end 000006c0 length    46 section .info.

(C:\Program Files\COSMIC\CXSTM8_16K\Lib\libm0.sm8)lreg.o:
start 00000006 end 0000000a length     4 section .ubsct
start 000006c0 end 000006ee length    46 section .info.

(C:\Program Files\COSMIC\CXSTM8_16K\Lib\libm0.sm8)lsub.o:
start 0000b10d end 0000b125 length    24 section .text
start 000006ee end 0000071c length    46 section .info.

(C:\Program Files\COSMIC\CXSTM8_16K\Lib\libm0.sm8)ltor.o:
start 0000b125 end 0000b137 length    18 section .text
start 0000071c end 0000074a length    46 section .info.

(C:\Program Files\COSMIC\CXSTM8_16K\Lib\libm0.sm8)ludiv.o:
start 0000b137 end 0000b14b length    20 section .text
start 0000074a end 00000779 length    47 section .info.

(C:\Program Files\COSMIC\CXSTM8_16K\Lib\libm0.sm8)lursh.o:
start 0000b14b end 0000b15a length    15 section .text
start 00000779 end 000007a8 length    47 section .info.

(C:\Program Files\COSMIC\CXSTM8_16K\Lib\libm0.sm8)lzmp.o:
start 0000b15a end 0000b16c length    18 section .text
start 000007a8 end 000007d6 length    46 section .info.

(C:\Program Files\COSMIC\CXSTM8_16K\Lib\libm0.sm8)rtol.o:
start 0000b16c end 0000b17e length    18 section .text
start 000007d6 end 00000804 length    46 section .info.

(C:\Program Files\COSMIC\CXSTM8_16K\Lib\libm0.sm8)smul.o:
start 0000b17e end 0000b1bd length    63 section .text
start 00000804 end 00000832 length    46 section .info.

(C:\Program Files\COSMIC\CXSTM8_16K\Lib\libm0.sm8)utolx.o:
start 0000b1bd end 0000b1c4 length     7 section .text
start 00000832 end 00000861 length    47 section .info.

(C:\Program Files\COSMIC\CXSTM8_16K\Lib\libm0.sm8)umul.o:
start 0000b1c4 end 0000b200 length    60 section .text
start 00000861 end 0000088f length    46 section .info.

(C:\Program Files\COSMIC\CXSTM8_16K\Lib\libm0.sm8)xreg.o:
start 0000000a end 0000000d length     3 section .ubsct
start 0000088f end 000008bd length    46 section .info.

(C:\Program Files\COSMIC\CXSTM8_16K\Lib\libm0.sm8)xymvx.o:
start 0000b200 end 0000b20f length    15 section .text
start 000008bd end 000008ec length    47 section .info.

(C:\Program Files\COSMIC\CXSTM8_16K\Lib\libm0.sm8)yreg.o:
start 0000000d end 00000010 length     3 section .ubsct
start 000008ec end 0000091a length    46 section .info.

Debug\stm8_interrupt_vector.o:
start 0000b20f end 0000b210 length     1 section .text
start 00007d17 end 00007e82 length   363 section .debug
start 0000091a end 000009a5 length   139 section .info.
start 00008000 end 00008080 length   128 section .const


                             -----------
                             Stack usage
                             -----------

Debug\aes-core.o:
_aes_addroundkey                        8   (8)
_aes_decrypt                           46   (26)
_aes_encrypt                           46   (26)
_aes_first_addroundkey                 10   (10)
_aes_isubbyte_ishiftrows_imixcols      20   (20)
_aes_isubbytes_ishiftrows               5   (5)
_aes_keyexp                            13   (13)
_aes_last_addroundkey                  10   (10)
_aes_subbyte_shiftrows_mixcols         20   (20)
_aes_subbytes_shiftrows                 5   (5)

Debug\aes.o:
_ecb_aes_decrypt                      254   (208)
_ecb_aes_encrypt                      237   (191)

Debug\main.o:
_main                              > 1749   (2)
_putchar                                5   (3)
_test_ctrl                            341   (87)
_test_perf                           1747   (1493)

Debug\stm8_interrupt_vector.o:
f_NonHandledInterrupt              >    5   (5)

Debug\stm8s_clk.o:
_CLK_AdjustHSICalibrationValue     >    3   (3)
_CLK_CANConfig                     >    3   (3)
_CLK_CCOCmd                        >    2   (2)
_CLK_CCOConfig                     >    3   (3)
_CLK_ClearITPendingBit             >    2   (2)
_CLK_ClockSecuritySystemEnable     >    2   (2)
_CLK_ClockSwitchCmd                >    2   (2)
_CLK_ClockSwitchConfig             >   10   (10)
_CLK_DeInit                        >    2   (2)
_CLK_FastHaltWakeUpCmd             >    2   (2)
_CLK_GetClockFreq                      25   (11)
_CLK_GetFlagStatus                 >    7   (7)
_CLK_GetITStatus                   >    4   (4)
_CLK_GetSYSCLKSource               >    2   (2)
_CLK_HSECmd                        >    2   (2)
_CLK_HSICmd                        >    2   (2)
_CLK_HSIPrescalerConfig                 3   (3)
_CLK_ITConfig                      >    4   (4)
_CLK_LSICmd                        >    2   (2)
_CLK_PeripheralClockConfig         >    4   (4)
_CLK_SWIMConfig                    >    2   (2)
_CLK_SYSCLKConfig                  >    3   (3)
_CLK_SYSCLKEmergencyClear          >    2   (2)
_CLK_SlowActiveHaltWakeUpCmd       >    2   (2)

Debug\stm8s_it.o:
f_TIM1_Overflow_IRQHandler         >   13   (11)

Debug\stm8s_tim1.o:
L11_TI4_Config                          6   (6)
L3_TI1_Config                           6   (6)
L5_TI2_Config                           6   (6)
L7_TI3_Config                           6   (6)
_TIM1_ARRPreloadConfig             >    2   (2)
_TIM1_BDTRConfig                   >    8   (8)
_TIM1_CCPreloadControl             >    2   (2)
_TIM1_CCxCmd                       >    4   (4)
_TIM1_CCxNCmd                      >    4   (4)
_TIM1_ClearFlag                    >    4   (4)
_TIM1_ClearITPendingBit                 2   (2)
_TIM1_Cmd                               2   (2)
_TIM1_CounterModeConfig            >    3   (3)
_TIM1_CtrlPWMOutputs               >    2   (2)
_TIM1_DeInit                            2   (2)
_TIM1_ETRClockMode1Config          >   10   (5)
_TIM1_ETRClockMode2Config          >   10   (5)
_TIM1_ETRConfig                         5   (5)
_TIM1_EncoderInterfaceConfig       >    5   (5)
_TIM1_ForcedOC1Config              >    3   (3)
_TIM1_ForcedOC2Config              >    3   (3)
_TIM1_ForcedOC3Config              >    3   (3)
_TIM1_ForcedOC4Config              >    3   (3)
_TIM1_GenerateEvent                >    2   (2)
_TIM1_GetCapture1                  >    6   (6)
_TIM1_GetCapture2                  >    6   (6)
_TIM1_GetCapture3                  >    6   (6)
_TIM1_GetCapture4                  >    6   (6)
_TIM1_GetCounter                        4   (4)
_TIM1_GetFlagStatus                >    6   (6)
_TIM1_GetITStatus                  >    6   (6)
_TIM1_GetPrescaler                 >    4   (4)
_TIM1_ICInit                       >   13   (7)
_TIM1_ITConfig                          4   (4)
_TIM1_InternalClockConfig          >    2   (2)
_TIM1_OC1FastConfig                >    2   (2)
_TIM1_OC1Init                      >   14   (14)
_TIM1_OC1NPolarityConfig           >    2   (2)
_TIM1_OC1PolarityConfig            >    2   (2)
_TIM1_OC1PreloadConfig             >    2   (2)
_TIM1_OC2FastConfig                >    2   (2)
_TIM1_OC2Init                      >   14   (14)
_TIM1_OC2NPolarityConfig           >    2   (2)
_TIM1_OC2PolarityConfig            >    2   (2)
_TIM1_OC2PreloadConfig             >    2   (2)
_TIM1_OC3FastConfig                >    2   (2)
_TIM1_OC3Init                      >   14   (14)
_TIM1_OC3NPolarityConfig           >    2   (2)
_TIM1_OC3PolarityConfig            >    2   (2)
_TIM1_OC3PreloadConfig             >    2   (2)
_TIM1_OC4FastConfig                >    2   (2)
_TIM1_OC4Init                      >    9   (9)
_TIM1_OC4PolarityConfig            >    2   (2)
_TIM1_OC4PreloadConfig             >    2   (2)
_TIM1_PWMIConfig                   >   15   (9)
_TIM1_PrescalerConfig              >    5   (5)
_TIM1_SelectCOM                    >    2   (2)
_TIM1_SelectHallSensor             >    2   (2)
_TIM1_SelectInputTrigger                3   (3)
_TIM1_SelectMasterSlaveMode        >    2   (2)
_TIM1_SelectOCxM                   >    4   (4)
_TIM1_SelectOnePulseMode           >    2   (2)
_TIM1_SelectOutputTrigger          >    3   (3)
_TIM1_SelectSlaveMode              >    3   (3)
_TIM1_SetAutoreload                >    2   (2)
_TIM1_SetCompare1                  >    2   (2)
_TIM1_SetCompare2                  >    2   (2)
_TIM1_SetCompare3                  >    2   (2)
_TIM1_SetCompare4                  >    2   (2)
_TIM1_SetCounter                   >    2   (2)
_TIM1_SetIC1Prescaler                   3   (3)
_TIM1_SetIC2Prescaler                   3   (3)
_TIM1_SetIC3Prescaler                   3   (3)
_TIM1_SetIC4Prescaler                   3   (3)
_TIM1_TIxExternalClockConfig       >   11   (5)
_TIM1_TimeBaseInit                      8   (8)
_TIM1_UpdateDisableConfig          >    2   (2)
_TIM1_UpdateRequestConfig          >    2   (2)

Debug\stm8s_uart2.o:
_UART2_ClearFlag                   >    4   (4)
_UART2_ClearITPendingBit           >    4   (4)
_UART2_Cmd                         >    2   (2)
_UART2_DeInit                           3   (3)
_UART2_GetFlagStatus               >    5   (5)
_UART2_GetITStatus                 >    6   (6)
_UART2_ITConfig                    >    7   (7)
_UART2_Init                            50   (25)
_UART2_IrDACmd                     >    2   (2)
_UART2_IrDAConfig                  >    2   (2)
_UART2_LINBreakDetectionConfig     >    2   (2)
_UART2_LINCmd                      >    2   (2)
_UART2_LINConfig                   >    5   (5)
_UART2_ReceiveData8                >    2   (2)
_UART2_ReceiveData9                >    4   (4)
_UART2_ReceiverWakeUpCmd           >    2   (2)
_UART2_SendBreak                   >    2   (2)
_UART2_SendData8                        2   (2)
_UART2_SendData9                   >    4   (4)
_UART2_SetAddress                  >    3   (3)
_UART2_SetGuardTime                >    2   (2)
_UART2_SetPrescaler                >    2   (2)
_UART2_SmartCardCmd                >    2   (2)
_UART2_SmartCardNACKCmd            >    2   (2)
_UART2_WakeUpConfig                >    2   (2)

C:\Program Files\COSMIC\CXSTM8_16K\Lib\libis0.sm8:
L11__cvtup                              8   (6)
L31__putbuf                            14   (9)
L7__gnum                               19   (16)
__print                                74   (51)
__udiv                                  4   (4)
__uldiv                                 6   (6)
__itob                                 19   (15)
__ltob                                 23   (17)
_printf                                86   (12)
_strlen                                 2   (2)
_toupper                                2   (2)

Stack size: 1762


                              ---------
                              Call tree
                              ---------
   1 > _CLK_AdjustHSICalibrationValue: (3)

   2 > _CLK_CANConfig: (3)

   3 > _CLK_CCOCmd: (2)

   4 > _CLK_CCOConfig: (3)

   5 > _CLK_ClearITPendingBit: (2)

   6 > _CLK_ClockSecuritySystemEnable: (2)

   7 > _CLK_ClockSwitchCmd: (2)

   8 > _CLK_ClockSwitchConfig: (10)

   9 > _CLK_DeInit: (2)

  10 > _CLK_FastHaltWakeUpCmd: (2)

  11 > _CLK_GetFlagStatus: (7)

  12 > _CLK_GetITStatus: (4)

  13 > _CLK_GetSYSCLKSource: (2)

  14 > _CLK_HSECmd: (2)

  15 > _CLK_HSICmd: (2)

  16 > _CLK_ITConfig: (4)

  17 > _CLK_LSICmd: (2)

  18 > _CLK_PeripheralClockConfig: (4)

  19 > _CLK_SWIMConfig: (2)

  20 > _CLK_SYSCLKConfig: (3)

  21 > _CLK_SYSCLKEmergencyClear: (2)

  22 > _CLK_SlowActiveHaltWakeUpCmd: (2)

  23 > _TIM1_ARRPreloadConfig: (2)

  24 > _TIM1_BDTRConfig: (8)

  25 > _TIM1_CCPreloadControl: (2)

  26 > _TIM1_CCxCmd: (4)

  27 > _TIM1_CCxNCmd: (4)

  28 > _TIM1_ClearFlag: (4)

  29 > _TIM1_CounterModeConfig: (3)

  30 > _TIM1_CtrlPWMOutputs: (2)

  31 > _TIM1_ETRClockMode1Config: (5)
  32      + _TIM1_ETRConfig: (5)
       
  33 > _TIM1_ETRClockMode2Config: (5)
  34      + _TIM1_ETRConfig --> 32
       
  35 > _TIM1_EncoderInterfaceConfig: (5)

  36 > _TIM1_ForcedOC1Config: (3)

  37 > _TIM1_ForcedOC2Config: (3)

  38 > _TIM1_ForcedOC3Config: (3)

  39 > _TIM1_ForcedOC4Config: (3)

  40 > _TIM1_GenerateEvent: (2)

  41 > _TIM1_GetCapture1: (6)

  42 > _TIM1_GetCapture2: (6)

  43 > _TIM1_GetCapture3: (6)

  44 > _TIM1_GetCapture4: (6)

  45 > _TIM1_GetFlagStatus: (6)

  46 > _TIM1_GetITStatus: (6)

  47 > _TIM1_GetPrescaler: (4)

  48 > _TIM1_ICInit: (7)
  49      + L11_TI4_Config: (6)
  50      + L3_TI1_Config: (6)
  51      + L5_TI2_Config: (6)
  52      + L7_TI3_Config: (6)
  53      + _TIM1_SetIC1Prescaler: (3)
  54      + _TIM1_SetIC2Prescaler: (3)
  55      + _TIM1_SetIC3Prescaler: (3)
  56      + _TIM1_SetIC4Prescaler: (3)
       
  57 > _TIM1_InternalClockConfig: (2)

  58 > _TIM1_OC1FastConfig: (2)

  59 > _TIM1_OC1Init: (14)

  60 > _TIM1_OC1NPolarityConfig: (2)

  61 > _TIM1_OC1PolarityConfig: (2)

  62 > _TIM1_OC1PreloadConfig: (2)

  63 > _TIM1_OC2FastConfig: (2)

  64 > _TIM1_OC2Init: (14)

  65 > _TIM1_OC2NPolarityConfig: (2)

  66 > _TIM1_OC2PolarityConfig: (2)

  67 > _TIM1_OC2PreloadConfig: (2)

  68 > _TIM1_OC3FastConfig: (2)

  69 > _TIM1_OC3Init: (14)

  70 > _TIM1_OC3NPolarityConfig: (2)

  71 > _TIM1_OC3PolarityConfig: (2)

  72 > _TIM1_OC3PreloadConfig: (2)

  73 > _TIM1_OC4FastConfig: (2)

  74 > _TIM1_OC4Init: (9)

  75 > _TIM1_OC4PolarityConfig: (2)

  76 > _TIM1_OC4PreloadConfig: (2)

  77 > _TIM1_PWMIConfig: (9)
  78      + L3_TI1_Config --> 50
  79      + L5_TI2_Config --> 51
  80      + _TIM1_SetIC1Prescaler --> 53
  81      + _TIM1_SetIC2Prescaler --> 54
       
  82 > _TIM1_PrescalerConfig: (5)

  83 > _TIM1_SelectCOM: (2)

  84 > _TIM1_SelectHallSensor: (2)

  85 > _TIM1_SelectMasterSlaveMode: (2)

  86 > _TIM1_SelectOCxM: (4)

  87 > _TIM1_SelectOnePulseMode: (2)

  88 > _TIM1_SelectOutputTrigger: (3)

  89 > _TIM1_SelectSlaveMode: (3)

  90 > _TIM1_SetAutoreload: (2)

  91 > _TIM1_SetCompare1: (2)

  92 > _TIM1_SetCompare2: (2)

  93 > _TIM1_SetCompare3: (2)

  94 > _TIM1_SetCompare4: (2)

  95 > _TIM1_SetCounter: (2)

  96 > _TIM1_TIxExternalClockConfig: (5)
  97      + L3_TI1_Config --> 50
  98      + L5_TI2_Config --> 51
  99      + _TIM1_SelectInputTrigger: (3)
       
 100 > _TIM1_UpdateDisableConfig: (2)

 101 > _TIM1_UpdateRequestConfig: (2)

 102 > _UART2_ClearFlag: (4)

 103 > _UART2_ClearITPendingBit: (4)

 104 > _UART2_Cmd: (2)

 105 > _UART2_GetFlagStatus: (5)

 106 > _UART2_GetITStatus: (6)

 107 > _UART2_ITConfig: (7)

 108 > _UART2_IrDACmd: (2)

 109 > _UART2_IrDAConfig: (2)

 110 > _UART2_LINBreakDetectionConfig: (2)

 111 > _UART2_LINCmd: (2)

 112 > _UART2_LINConfig: (5)

 113 > _UART2_ReceiveData8: (2)

 114 > _UART2_ReceiveData9: (4)

 115 > _UART2_ReceiverWakeUpCmd: (2)

 116 > _UART2_SendBreak: (2)

 117 > _UART2_SendData9: (4)

 118 > _UART2_SetAddress: (3)

 119 > _UART2_SetGuardTime: (2)

 120 > _UART2_SetPrescaler: (2)

 121 > _UART2_SmartCardCmd: (2)

 122 > _UART2_SmartCardNACKCmd: (2)

 123 > _UART2_WakeUpConfig: (2)

 124 > __stext: (0)

 125 > _main: (2)
 126      + _CLK_HSIPrescalerConfig: (3)
 127      + _UART2_DeInit: (3)
 128      + _UART2_Init: (25)
 129      |    + _CLK_GetClockFreq: (11)
          | 
 130      + _printf: (12)
 131      |    + __print: (51)
 132      |    |    + L11__cvtup: (6)
 133      |    |    |    + _toupper: (2)
          |    |    | 
 134      |    |    + L31__putbuf: (9)
 135      |    |    |    + _putchar: (3)
 136      |    |    |    |    + _UART2_SendData8: (2)
          |    |    |    | 
          |    |    | 
 137      |    |    + L7__gnum: (16)
 138      |    |    + __itob: (15)
 139      |    |    |    + __udiv: (4)
          |    |    | 
 140      |    |    + __ltob: (17)
 141      |    |    |    + __uldiv: (6)
          |    |    | 
 142      |    |    + _strlen: (2)
          |    | 
          | 
 143      + _test_ctrl: (87)
 144      |    + _ecb_aes_decrypt: (208)
 145      |    |    + _aes_decrypt: (26)
 146      |    |    |    + _aes_addroundkey: (8)
 147      |    |    |    + _aes_first_addroundkey: (10)
 148      |    |    |    + _aes_isubbyte_ishiftrows_imixcols: (20)
 149      |    |    |    + _aes_isubbytes_ishiftrows: (5)
 150      |    |    |    + _aes_last_addroundkey: (10)
          |    |    | 
 151      |    |    + _aes_keyexp: (13)
          |    | 
 152      |    + _ecb_aes_encrypt: (191)
 153      |    |    + _aes_encrypt: (26)
 154      |    |    |    + _aes_addroundkey --> 146
 155      |    |    |    + _aes_first_addroundkey --> 147
 156      |    |    |    + _aes_last_addroundkey --> 150
 157      |    |    |    + _aes_subbyte_shiftrows_mixcols: (20)
 158      |    |    |    + _aes_subbytes_shiftrows: (5)
          |    |    | 
 159      |    |    + _aes_keyexp --> 151
          |    | 
 160      |    + _printf --> 130
          | 
 161      + _test_perf: (1493)
 162      |    + _TIM1_Cmd: (2)
 163      |    + _TIM1_DeInit: (2)
 164      |    + _TIM1_GetCounter: (4)
 165      |    + _TIM1_ITConfig: (4)
 166      |    + _TIM1_TimeBaseInit: (8)
 167      |    + _ecb_aes_decrypt --> 144
 168      |    + _ecb_aes_encrypt --> 152
 169      |    + _printf --> 130
          | 
       
 170 > f_NonHandledInterrupt: (5)

 171 > f_TIM1_Overflow_IRQHandler: (11)
 172      + _TIM1_ClearITPendingBit: (2)
       
 173   L11_TI4_Config --> 49

 174   L11__cvtup --> 132

 175   L31__putbuf --> 134

 176   L3_TI1_Config --> 50

 177   L5_TI2_Config --> 51

 178   L7_TI3_Config --> 52

 179   L7__gnum --> 137

 180   _CLK_GetClockFreq --> 129

 181   _CLK_HSIPrescalerConfig --> 126

 182   _TIM1_ClearITPendingBit --> 172

 183   _TIM1_Cmd --> 162

 184   _TIM1_DeInit --> 163

 185   _TIM1_ETRConfig --> 32

 186   _TIM1_GetCounter --> 164

 187   _TIM1_ITConfig --> 165

 188   _TIM1_SelectInputTrigger --> 99

 189   _TIM1_SetIC1Prescaler --> 53

 190   _TIM1_SetIC2Prescaler --> 54

 191   _TIM1_SetIC3Prescaler --> 55

 192   _TIM1_SetIC4Prescaler --> 56

 193   _TIM1_TimeBaseInit --> 166

 194   _UART2_DeInit --> 127

 195   _UART2_Init --> 128

 196   _UART2_SendData8 --> 136

 197   __itob --> 138

 198   __ltob --> 140

 199   __print --> 131

 200   __udiv --> 139

 201   __uldiv --> 141

 202   _aes_addroundkey --> 146

 203   _aes_decrypt --> 145

 204   _aes_encrypt --> 153

 205   _aes_first_addroundkey --> 147

 206   _aes_isubbyte_ishiftrows_imixcols --> 148

 207   _aes_isubbytes_ishiftrows --> 149

 208   _aes_keyexp --> 151

 209   _aes_last_addroundkey --> 150

 210   _aes_subbyte_shiftrows_mixcols --> 157

 211   _aes_subbytes_shiftrows --> 158

 212   _ecb_aes_decrypt --> 144

 213   _ecb_aes_encrypt --> 152

 214   _printf --> 130

 215   _putchar --> 135

 216   _strlen --> 142

 217   _test_ctrl --> 143

 218   _test_perf --> 161

 219   _toupper --> 133



                               -------
                               Symbols
                               -------

_CLKPrescTable                      00008084   defined in Debug\stm8s_clk.o section .const
_CLK_AdjustHSICalibrationValue      00008ccf   defined in Debug\stm8s_clk.o section .text
_CLK_CANConfig                      00008c3f   defined in Debug\stm8s_clk.o section .text
_CLK_CCOCmd                         00008a76   defined in Debug\stm8s_clk.o section .text
_CLK_CCOConfig                      00008bb5   defined in Debug\stm8s_clk.o section .text
_CLK_ClearITPendingBit              00008d6a   defined in Debug\stm8s_clk.o section .text
_CLK_ClockSecuritySystemEnable      00008c52   defined in Debug\stm8s_clk.o section .text
_CLK_ClockSwitchCmd                 00008a84   defined in Debug\stm8s_clk.o section .text
_CLK_ClockSwitchConfig              00008b0c   defined in Debug\stm8s_clk.o section .text
_CLK_DeInit                         00008a02   defined in Debug\stm8s_clk.o section .text
_CLK_FastHaltWakeUpCmd              00008a3e   defined in Debug\stm8s_clk.o section .text
_CLK_GetClockFreq                   00008c5b   defined in Debug\stm8s_clk.o section .text
                                               used in Debug\stm8s_uart2.o
_CLK_GetFlagStatus                  00008ce1   defined in Debug\stm8s_clk.o section .text
_CLK_GetITStatus                    00008d3e   defined in Debug\stm8s_clk.o section .text
_CLK_GetSYSCLKSource                00008c57   defined in Debug\stm8s_clk.o section .text
_CLK_HSECmd                         00008a4c   defined in Debug\stm8s_clk.o section .text
_CLK_HSICmd                         00008a5a   defined in Debug\stm8s_clk.o section .text
_CLK_HSIPrescalerConfig             00008ba2   defined in Debug\stm8s_clk.o section .text
                                               used in Debug\main.o
_CLK_ITConfig                       00008bcc   defined in Debug\stm8s_clk.o section .text
_CLK_LSICmd                         00008a68   defined in Debug\stm8s_clk.o section .text
_CLK_PeripheralClockConfig          00008aa0   defined in Debug\stm8s_clk.o section .text
_CLK_SWIMConfig                     00008c31   defined in Debug\stm8s_clk.o section .text
_CLK_SYSCLKConfig                   00008c04   defined in Debug\stm8s_clk.o section .text
_CLK_SYSCLKEmergencyClear           00008cdc   defined in Debug\stm8s_clk.o section .text
_CLK_SlowActiveHaltWakeUpCmd        00008a92   defined in Debug\stm8s_clk.o section .text
_HSIDivFactor                       00008080   defined in Debug\stm8s_clk.o section .const
_TIM1_ARRPreloadConfig              00009217   defined in Debug\stm8s_tim1.o section .text
_TIM1_BDTRConfig                    00008f91   defined in Debug\stm8s_tim1.o section .text
_TIM1_CCPreloadControl              00009233   defined in Debug\stm8s_tim1.o section .text
_TIM1_CCxCmd                        00009317   defined in Debug\stm8s_tim1.o section .text
_TIM1_CCxNCmd                       00009368   defined in Debug\stm8s_tim1.o section .text
_TIM1_ClearFlag                     0000954f   defined in Debug\stm8s_tim1.o section .text
_TIM1_ClearITPendingBit             00009589   defined in Debug\stm8s_tim1.o section .text
                                               used in Debug\stm8s_it.o
_TIM1_Cmd                           00009076   defined in Debug\stm8s_tim1.o section .text
                                               used in Debug\main.o
_TIM1_CounterModeConfig             000091d6   defined in Debug\stm8s_tim1.o section .text
_TIM1_CtrlPWMOutputs                00009084   defined in Debug\stm8s_tim1.o section .text
_TIM1_DeInit                        00008d79   defined in Debug\stm8s_tim1.o section .text
                                               used in Debug\main.o
_TIM1_ETRClockMode1Config           000090b4   defined in Debug\stm8s_tim1.o section .text
_TIM1_ETRClockMode2Config           000090cc   defined in Debug\stm8s_tim1.o section .text
_TIM1_ETRConfig                     000090de   defined in Debug\stm8s_tim1.o section .text
_TIM1_EncoderInterfaceConfig        00009189   defined in Debug\stm8s_tim1.o section .text
_TIM1_ForcedOC1Config               000091e3   defined in Debug\stm8s_tim1.o section .text
_TIM1_ForcedOC2Config               000091f0   defined in Debug\stm8s_tim1.o section .text
_TIM1_ForcedOC3Config               000091fd   defined in Debug\stm8s_tim1.o section .text
_TIM1_ForcedOC4Config               0000920a   defined in Debug\stm8s_tim1.o section .text
_TIM1_GenerateEvent                 000092b1   defined in Debug\stm8s_tim1.o section .text
_TIM1_GetCapture1                   0000945e   defined in Debug\stm8s_tim1.o section .text
_TIM1_GetCapture2                   00009484   defined in Debug\stm8s_tim1.o section .text
_TIM1_GetCapture3                   000094aa   defined in Debug\stm8s_tim1.o section .text
_TIM1_GetCapture4                   000094d0   defined in Debug\stm8s_tim1.o section .text
_TIM1_GetCounter                    000094f6   defined in Debug\stm8s_tim1.o section .text
                                               used in Debug\main.o
_TIM1_GetFlagStatus                 00009528   defined in Debug\stm8s_tim1.o section .text
_TIM1_GetITStatus                   0000955f   defined in Debug\stm8s_tim1.o section .text
_TIM1_GetPrescaler                  0000950f   defined in Debug\stm8s_tim1.o section .text
_TIM1_ICInit                        00008fa5   defined in Debug\stm8s_tim1.o section .text
_TIM1_ITConfig                      00009092   defined in Debug\stm8s_tim1.o section .text
                                               used in Debug\main.o
_TIM1_InternalClockConfig           000090ab   defined in Debug\stm8s_tim1.o section .text
_TIM1_OC1FastConfig                 00009279   defined in Debug\stm8s_tim1.o section .text
_TIM1_OC1Init                       00008e36   defined in Debug\stm8s_tim1.o section .text
_TIM1_OC1NPolarityConfig            000092c3   defined in Debug\stm8s_tim1.o section .text
_TIM1_OC1PolarityConfig             000092b5   defined in Debug\stm8s_tim1.o section .text
_TIM1_OC1PreloadConfig              00009241   defined in Debug\stm8s_tim1.o section .text
_TIM1_OC2FastConfig                 00009287   defined in Debug\stm8s_tim1.o section .text
_TIM1_OC2Init                       00008e93   defined in Debug\stm8s_tim1.o section .text
_TIM1_OC2NPolarityConfig            000092df   defined in Debug\stm8s_tim1.o section .text
_TIM1_OC2PolarityConfig             000092d1   defined in Debug\stm8s_tim1.o section .text
_TIM1_OC2PreloadConfig              0000924f   defined in Debug\stm8s_tim1.o section .text
_TIM1_OC3FastConfig                 00009295   defined in Debug\stm8s_tim1.o section .text
_TIM1_OC3Init                       00008ef0   defined in Debug\stm8s_tim1.o section .text
_TIM1_OC3NPolarityConfig            000092fb   defined in Debug\stm8s_tim1.o section .text
_TIM1_OC3PolarityConfig             000092ed   defined in Debug\stm8s_tim1.o section .text
_TIM1_OC3PreloadConfig              0000925d   defined in Debug\stm8s_tim1.o section .text
_TIM1_OC4FastConfig                 000092a3   defined in Debug\stm8s_tim1.o section .text
_TIM1_OC4Init                       00008f4d   defined in Debug\stm8s_tim1.o section .text
_TIM1_OC4PolarityConfig             00009309   defined in Debug\stm8s_tim1.o section .text
_TIM1_OC4PreloadConfig              0000926b   defined in Debug\stm8s_tim1.o section .text
_TIM1_PWMIConfig                    00009006   defined in Debug\stm8s_tim1.o section .text
_TIM1_PrescalerConfig               000091c6   defined in Debug\stm8s_tim1.o section .text
_TIM1_SelectCOM                     00009225   defined in Debug\stm8s_tim1.o section .text
_TIM1_SelectHallSensor              00009145   defined in Debug\stm8s_tim1.o section .text
_TIM1_SelectInputTrigger            0000911c   defined in Debug\stm8s_tim1.o section .text
_TIM1_SelectMasterSlaveMode         0000917b   defined in Debug\stm8s_tim1.o section .text
_TIM1_SelectOCxM                    000093a3   defined in Debug\stm8s_tim1.o section .text
_TIM1_SelectOnePulseMode            00009153   defined in Debug\stm8s_tim1.o section .text
_TIM1_SelectOutputTrigger           00009161   defined in Debug\stm8s_tim1.o section .text
_TIM1_SelectSlaveMode               0000916e   defined in Debug\stm8s_tim1.o section .text
_TIM1_SetAutoreload                 000093fd   defined in Debug\stm8s_tim1.o section .text
_TIM1_SetCompare1                   00009406   defined in Debug\stm8s_tim1.o section .text
_TIM1_SetCompare2                   0000940f   defined in Debug\stm8s_tim1.o section .text
_TIM1_SetCompare3                   00009418   defined in Debug\stm8s_tim1.o section .text
_TIM1_SetCompare4                   00009421   defined in Debug\stm8s_tim1.o section .text
_TIM1_SetCounter                    000093f4   defined in Debug\stm8s_tim1.o section .text
_TIM1_SetIC1Prescaler               0000942a   defined in Debug\stm8s_tim1.o section .text
_TIM1_SetIC2Prescaler               00009437   defined in Debug\stm8s_tim1.o section .text
_TIM1_SetIC3Prescaler               00009444   defined in Debug\stm8s_tim1.o section .text
_TIM1_SetIC4Prescaler               00009451   defined in Debug\stm8s_tim1.o section .text
_TIM1_TIxExternalClockConfig        000090ec   defined in Debug\stm8s_tim1.o section .text
_TIM1_TimeBaseInit                  00008e12   defined in Debug\stm8s_tim1.o section .text
                                               used in Debug\main.o
_TIM1_UpdateDisableConfig           00009129   defined in Debug\stm8s_tim1.o section .text
_TIM1_UpdateRequestConfig           00009137   defined in Debug\stm8s_tim1.o section .text
_UART2_ClearFlag                    000099b0   defined in Debug\stm8s_uart2.o section .text
_UART2_ClearITPendingBit            00009a8c   defined in Debug\stm8s_uart2.o section .text
_UART2_Cmd                          000097b3   defined in Debug\stm8s_uart2.o section .text
_UART2_DeInit                       0000964e   defined in Debug\stm8s_uart2.o section .text
                                               used in Debug\main.o
_UART2_GetFlagStatus                0000994e   defined in Debug\stm8s_uart2.o section .text
_UART2_GetITStatus                  000099dc   defined in Debug\stm8s_uart2.o section .text
_UART2_ITConfig                     000097c1   defined in Debug\stm8s_uart2.o section .text
_UART2_Init                         00009677   defined in Debug\stm8s_uart2.o section .text
                                               used in Debug\main.o
_UART2_IrDACmd                      00009861   defined in Debug\stm8s_uart2.o section .text
_UART2_IrDAConfig                   00009853   defined in Debug\stm8s_uart2.o section .text
_UART2_LINBreakDetectionConfig      0000986f   defined in Debug\stm8s_uart2.o section .text
_UART2_LINCmd                       000098aa   defined in Debug\stm8s_uart2.o section .text
_UART2_LINConfig                    0000987d   defined in Debug\stm8s_uart2.o section .text
_UART2_ReceiveData8                 000098ed   defined in Debug\stm8s_uart2.o section .text
_UART2_ReceiveData9                 000098f1   defined in Debug\stm8s_uart2.o section .text
_UART2_ReceiverWakeUpCmd            000098df   defined in Debug\stm8s_uart2.o section .text
_UART2_SendBreak                    0000992e   defined in Debug\stm8s_uart2.o section .text
_UART2_SendData8                    00009913   defined in Debug\stm8s_uart2.o section .text
                                               used in Debug\main.o
_UART2_SendData9                    00009917   defined in Debug\stm8s_uart2.o section .text
_UART2_SetAddress                   00009933   defined in Debug\stm8s_uart2.o section .text
_UART2_SetGuardTime                 00009946   defined in Debug\stm8s_uart2.o section .text
_UART2_SetPrescaler                 0000994a   defined in Debug\stm8s_uart2.o section .text
_UART2_SmartCardCmd                 000098b8   defined in Debug\stm8s_uart2.o section .text
_UART2_SmartCardNACKCmd             000098c6   defined in Debug\stm8s_uart2.o section .text
_UART2_WakeUpConfig                 000098d4   defined in Debug\stm8s_uart2.o section .text
__endmem                            000005ff   defined in command file
                                               *** not used ***
__endzp                             00000010   defined in command file section .ubsct
                                               used in C:\Program Files\COSMIC\CXSTM8_16K\Lib\crtsi0.sm8
__idesc__                           000089ad   defined in linker section .init
                                               used in C:\Program Files\COSMIC\CXSTM8_16K\Lib\crtsi0.sm8
__itob                              0000ae65   defined in (C:\Program Files\COSMIC\CXSTM8_16K\Lib\libis0.sm8)itob.o section .text
                                               used in (C:\Program Files\COSMIC\CXSTM8_16K\Lib\libis0.sm8)cprint.o
__ltob                              0000aedf   defined in (C:\Program Files\COSMIC\CXSTM8_16K\Lib\libis0.sm8)itob.o section .text
                                               used in (C:\Program Files\COSMIC\CXSTM8_16K\Lib\libis0.sm8)cprint.o
__memory                            00000100   defined in command file section .bss
                                               used in C:\Program Files\COSMIC\CXSTM8_16K\Lib\crtsi0.sm8
__print                             0000aa32   defined in (C:\Program Files\COSMIC\CXSTM8_16K\Lib\libis0.sm8)cprint.o section .text
                                               used in (C:\Program Files\COSMIC\CXSTM8_16K\Lib\libis0.sm8)printf.o
__stack                             000007ff   defined in command file
                                               used in C:\Program Files\COSMIC\CXSTM8_16K\Lib\crtsi0.sm8
__startmem                          00000100   defined in command file section .bss
                                               *** not used ***
__stext                             000089b7   defined in C:\Program Files\COSMIC\CXSTM8_16K\Lib\crtsi0.sm8 section .text
                                               used in Debug\stm8_interrupt_vector.o
__udiv                              0000af75   defined in (C:\Program Files\COSMIC\CXSTM8_16K\Lib\libis0.sm8)idiv0.o section .text
                                               used in (C:\Program Files\COSMIC\CXSTM8_16K\Lib\libis0.sm8)itob.o
__uldiv                             0000af80   defined in (C:\Program Files\COSMIC\CXSTM8_16K\Lib\libis0.sm8)ildiv0.o section .text
                                               used in (C:\Program Files\COSMIC\CXSTM8_16K\Lib\libis0.sm8)itob.o
__vectab                            00008000   defined in Debug\stm8_interrupt_vector.o section .const
_aes_addroundkey                    00009bb1   defined in Debug\aes-core.o section .text
_aes_decrypt                        0000a4c3   defined in Debug\aes-core.o section .text
                                               used in Debug\aes.o
_aes_encrypt                        0000a00b   defined in Debug\aes-core.o section .text
                                               used in Debug\aes.o
_aes_first_addroundkey              00009b89   defined in Debug\aes-core.o section .text
_aes_isubbyte_ishiftrows_imixcols   0000a146   defined in Debug\aes-core.o section .text
_aes_isubbytes_ishiftrows           0000a065   defined in Debug\aes-core.o section .text
_aes_keyexp                         00009aab   defined in Debug\aes-core.o section .text
                                               used in Debug\aes.o
_aes_last_addroundkey               00009bd5   defined in Debug\aes-core.o section .text
_aes_subbyte_shiftrows_mixcols      00009cde   defined in Debug\aes-core.o section .text
_aes_subbytes_shiftrows             00009bfd   defined in Debug\aes-core.o section .text
_ecb_aes_decrypt                    0000a59d   defined in Debug\aes.o section .text
                                               used in Debug\main.o
_ecb_aes_encrypt                    0000a51a   defined in Debug\aes.o section .text
                                               used in Debug\main.o
_exit                               00008a00   defined in C:\Program Files\COSMIC\CXSTM8_16K\Lib\crtsi0.sm8 section .text
_main                               0000a621   defined in Debug\main.o section .text
                                               used in C:\Program Files\COSMIC\CXSTM8_16K\Lib\crtsi0.sm8
_overflows                          00000000   defined in Debug\stm8s_it.o section .bsct, initialized
                                               used in Debug\main.o
_printf                             0000a928   defined in (C:\Program Files\COSMIC\CXSTM8_16K\Lib\libis0.sm8)printf.o section .text
                                               used in Debug\main.o
_putchar                            0000a653   defined in Debug\main.o section .text
                                               used in (C:\Program Files\COSMIC\CXSTM8_16K\Lib\libis0.sm8)cprint.o
_strlen                             0000af9b   defined in (C:\Program Files\COSMIC\CXSTM8_16K\Lib\libis0.sm8)strlen0.o section .text
                                               used in (C:\Program Files\COSMIC\CXSTM8_16K\Lib\libis0.sm8)cprint.o
_t_begin                            00000004   defined in Debug\main.o section .ubsct
_t_end                              00000002   defined in Debug\main.o section .ubsct
_test_ctrl                          0000a665   defined in Debug\main.o section .text
_test_perf                          0000a77d   defined in Debug\main.o section .text
_toupper                            0000afa7   defined in (C:\Program Files\COSMIC\CXSTM8_16K\Lib\libis0.sm8)toup0.o section .text
                                               used in (C:\Program Files\COSMIC\CXSTM8_16K\Lib\libis0.sm8)cprint.o
c_divsl                             0000afb2   defined in (C:\Program Files\COSMIC\CXSTM8_16K\Lib\libm0.sm8)ldiv.o section .text
                                               *** not used ***
c_divul                             0000afc9   defined in (C:\Program Files\COSMIC\CXSTM8_16K\Lib\libm0.sm8)ldiv.o section .text
                                               used in (C:\Program Files\COSMIC\CXSTM8_16K\Lib\libis0.sm8)ildiv0.o
                                                       (C:\Program Files\COSMIC\CXSTM8_16K\Lib\libm0.sm8)ludiv.o
c_imul                              0000b09d   defined in (C:\Program Files\COSMIC\CXSTM8_16K\Lib\libm0.sm8)imul.o section .text
                                               used in (C:\Program Files\COSMIC\CXSTM8_16K\Lib\libis0.sm8)cprint.o
c_ladd                              0000b0be   defined in (C:\Program Files\COSMIC\CXSTM8_16K\Lib\libm0.sm8)ladd.o section .text
                                               used in Debug\main.o
c_lgneg                             0000b0d6   defined in (C:\Program Files\COSMIC\CXSTM8_16K\Lib\libm0.sm8)lgneg.o section .text
                                               used in (C:\Program Files\COSMIC\CXSTM8_16K\Lib\libm0.sm8)ldiv.o
c_llsh                              0000b0e9   defined in (C:\Program Files\COSMIC\CXSTM8_16K\Lib\libm0.sm8)llsh.o section .text
                                               used in Debug\stm8s_uart2.o
c_lneg                              0000b0f8   defined in (C:\Program Files\COSMIC\CXSTM8_16K\Lib\libm0.sm8)lneg.o section .text
                                               used in (C:\Program Files\COSMIC\CXSTM8_16K\Lib\libis0.sm8)itob.o
                                                       (C:\Program Files\COSMIC\CXSTM8_16K\Lib\libm0.sm8)ldiv.o
c_lreg                              00000006   defined in (C:\Program Files\COSMIC\CXSTM8_16K\Lib\libm0.sm8)lreg.o section .ubsct
                                               used in Debug\stm8s_clk.o
                                                       Debug\stm8s_uart2.o
                                                       Debug\main.o
                                                       (C:\Program Files\COSMIC\CXSTM8_16K\Lib\libis0.sm8)cprint.o
                                                       (C:\Program Files\COSMIC\CXSTM8_16K\Lib\libm0.sm8)ldiv.o
                                                       (C:\Program Files\COSMIC\CXSTM8_16K\Lib\libm0.sm8)ladd.o
                                                       (C:\Program Files\COSMIC\CXSTM8_16K\Lib\libm0.sm8)llsh.o
                                                       (C:\Program Files\COSMIC\CXSTM8_16K\Lib\libm0.sm8)lneg.o
                                                       (C:\Program Files\COSMIC\CXSTM8_16K\Lib\libm0.sm8)lsub.o
                                                       (C:\Program Files\COSMIC\CXSTM8_16K\Lib\libm0.sm8)ltor.o
                                                       (C:\Program Files\COSMIC\CXSTM8_16K\Lib\libm0.sm8)lursh.o
                                                       (C:\Program Files\COSMIC\CXSTM8_16K\Lib\libm0.sm8)rtol.o
                                                       (C:\Program Files\COSMIC\CXSTM8_16K\Lib\libm0.sm8)smul.o
                                                       (C:\Program Files\COSMIC\CXSTM8_16K\Lib\libm0.sm8)utolx.o
                                                       (C:\Program Files\COSMIC\CXSTM8_16K\Lib\libm0.sm8)umul.o
c_lsub                              0000b10d   defined in (C:\Program Files\COSMIC\CXSTM8_16K\Lib\libm0.sm8)lsub.o section .text
                                               used in Debug\stm8s_uart2.o
                                                       Debug\main.o
c_ltor                              0000b125   defined in (C:\Program Files\COSMIC\CXSTM8_16K\Lib\libm0.sm8)ltor.o section .text
                                               used in Debug\stm8s_clk.o
                                                       Debug\stm8s_uart2.o
                                                       (C:\Program Files\COSMIC\CXSTM8_16K\Lib\libis0.sm8)itob.o
                                                       (C:\Program Files\COSMIC\CXSTM8_16K\Lib\libis0.sm8)ildiv0.o
c_ludv                              0000b137   defined in (C:\Program Files\COSMIC\CXSTM8_16K\Lib\libm0.sm8)ludiv.o section .text
                                               used in Debug\stm8s_clk.o
                                                       Debug\stm8s_uart2.o
c_lursh                             0000b14b   defined in (C:\Program Files\COSMIC\CXSTM8_16K\Lib\libm0.sm8)lursh.o section .text
                                               used in Debug\stm8s_uart2.o
c_lzmp                              0000b15a   defined in (C:\Program Files\COSMIC\CXSTM8_16K\Lib\libm0.sm8)lzmp.o section .text
                                               used in (C:\Program Files\COSMIC\CXSTM8_16K\Lib\libis0.sm8)itob.o
c_rtol                              0000b16c   defined in (C:\Program Files\COSMIC\CXSTM8_16K\Lib\libm0.sm8)rtol.o section .text
                                               used in Debug\stm8s_clk.o
                                                       Debug\stm8s_uart2.o
                                                       Debug\main.o
                                                       (C:\Program Files\COSMIC\CXSTM8_16K\Lib\libis0.sm8)cprint.o
                                                       (C:\Program Files\COSMIC\CXSTM8_16K\Lib\libis0.sm8)itob.o
                                                       (C:\Program Files\COSMIC\CXSTM8_16K\Lib\libis0.sm8)ildiv0.o
c_smul                              0000b17e   defined in (C:\Program Files\COSMIC\CXSTM8_16K\Lib\libm0.sm8)smul.o section .text
                                               used in Debug\stm8s_uart2.o
c_uitolx                            0000b1bd   defined in (C:\Program Files\COSMIC\CXSTM8_16K\Lib\libm0.sm8)utolx.o section .text
                                               used in Debug\main.o
c_umul                              0000b1c4   defined in (C:\Program Files\COSMIC\CXSTM8_16K\Lib\libm0.sm8)umul.o section .text
                                               used in Debug\main.o
c_x                                 0000000a   defined in (C:\Program Files\COSMIC\CXSTM8_16K\Lib\libm0.sm8)xreg.o section .ubsct
                                               used in C:\Program Files\COSMIC\CXSTM8_16K\Lib\crtsi0.sm8
                                                       Debug\aes-core.o
                                                       Debug\aes.o
                                                       Debug\stm8s_it.o
                                                       (C:\Program Files\COSMIC\CXSTM8_16K\Lib\libis0.sm8)strlen0.o
                                                       (C:\Program Files\COSMIC\CXSTM8_16K\Lib\libm0.sm8)ldiv.o
                                                       (C:\Program Files\COSMIC\CXSTM8_16K\Lib\libm0.sm8)imul.o
                                                       (C:\Program Files\COSMIC\CXSTM8_16K\Lib\libm0.sm8)umul.o
                                                       (C:\Program Files\COSMIC\CXSTM8_16K\Lib\libm0.sm8)xymvx.o
c_xymvx                             0000b200   defined in (C:\Program Files\COSMIC\CXSTM8_16K\Lib\libm0.sm8)xymvx.o section .text
                                               used in Debug\main.o
c_y                                 0000000d   defined in (C:\Program Files\COSMIC\CXSTM8_16K\Lib\libm0.sm8)yreg.o section .ubsct
                                               used in C:\Program Files\COSMIC\CXSTM8_16K\Lib\crtsi0.sm8
                                                       Debug\aes-core.o
                                                       Debug\aes.o
                                                       Debug\stm8s_it.o
                                                       (C:\Program Files\COSMIC\CXSTM8_16K\Lib\libm0.sm8)umul.o
f_NonHandledInterrupt               0000b20f   defined in Debug\stm8_interrupt_vector.o section .text
f_TIM1_Overflow_IRQHandler          0000a903   defined in Debug\stm8s_it.o section .text
                                               used in Debug\stm8_interrupt_vector.o
